// Jest Snapshot v1, https://goo.gl/fbAQLP

exports[`Input test suite check if the Input render correctly 1`] = `
<View
  style={
    Array [
      Object {
        "height": 120,
        "justifyContent": "flex-start",
      },
    ]
  }
>
  <View
    style={
      Array [
        Object {
          "alignItems": "flex-start",
          "borderBottomColor": "#9A9A9D",
          "borderBottomWidth": 0.5,
          "marginBottom": 8,
          "paddingBottom": 16,
          "width": "100%",
        },
      ]
    }
  >
    <View
      style={
        Array [
          Object {
            "alignItems": "flex-end",
            "flexDirection": "row",
            "justifyContent": "flex-end",
            "marginBottom": 16,
          },
        ]
      }
    >
      <Text
        style={
          Array [
            Object {
              "color": "#868686",
              "fontFamily": "Raleway-SemiBold",
              "fontSize": 15,
              "lineHeight": 18,
              "marginLeft": 8,
              "textTransform": "capitalize",
            },
          ]
        }
      >
        Email
      </Text>
    </View>
    <View
      style={
        Array [
          Object {
            "flexDirection": "row",
          },
        ]
      }
    >
      <TextInput
        autoCapitalize="none"
        error=""
        onBlur={[MockFunction]}
        onChangeText={[Function]}
        placeholder="Add your email"
        style={
          Object {
            "flex": 1,
          }
        }
        testID="input"
        touched={false}
        underlineColorAndroid="transparent"
        value=""
      />
    </View>
  </View>
</View>
`;
